2025-10-15 11:37:22,518 [INFO] Iniciando ingesta Facebook del 2025-10-15 al 2025-10-15
2025-10-15 11:37:42,097 [INFO] Iniciando ingesta Facebook del 2025-10-15 al 2025-10-15
2025-10-15 11:39:43,642 [INFO] Iniciando ingesta Facebook del 2025-10-15 al 2025-10-15
2025-10-15 11:39:45,055 [INFO] No hay publicaciones en el rango
2025-10-15 11:39:45,139 [INFO] Variaciones actualizadas correctamente en metricas_publicaciones_diarias
2025-10-15 11:39:45,139 [INFO] ✔ Ingesta y variaciones completadas correctamente
2025-10-15 11:40:55,633 [INFO] Iniciando ingesta Facebook del 2025-09-14 al 2025-10-15
2025-10-15 11:42:53,865 [INFO] Iniciando ingesta Facebook del 2025-09-14 al 2025-10-15
2025-10-15 11:42:56,352 [INFO] Ingesta Facebook completada correctamente
2025-10-15 11:42:56,415 [INFO] Variaciones actualizadas correctamente en metricas_publicaciones_diarias
2025-10-15 11:42:56,415 [INFO] ✔ Ingesta y variaciones completadas correctamente
2025-10-15 11:44:11,775 [INFO] Iniciando ingesta Facebook del 2025-09-14 al 2025-10-15
2025-10-15 11:44:14,113 [INFO] Ingesta Facebook completada correctamente
2025-10-15 11:44:14,176 [INFO] Variaciones actualizadas correctamente en metricas_publicaciones_diarias
2025-10-15 11:44:14,176 [INFO] ✔ Ingesta y variaciones completadas correctamente
2025-10-15 12:14:41,974 [INFO] Variaciones actualizadas correctamente en metricas_publicaciones_diarias
2025-10-15 12:14:41,975 [INFO] ✔ Ingesta y variaciones completadas correctamente
2025-10-15 12:20:11,148 [INFO] Iniciando ingesta Instagram del 2025-09-14 al 2025-10-15
2025-10-15 12:20:36,453 [INFO] Variaciones actualizadas correctamente en metricas_publicaciones_diarias
2025-10-15 12:20:36,454 [INFO] ✔ Ingesta y variaciones completadas correctamente
2025-10-16 09:29:46,389 [INFO] Iniciando ingesta Instagram del 2025-09-14 al 2025-10-15
2025-10-16 09:30:13,485 [INFO] Variaciones actualizadas correctamente en metricas_publicaciones_diarias
2025-10-16 09:30:13,485 [INFO] ✔ Ingesta y variaciones completadas correctamente
2025-10-16 09:32:38,233 [INFO] Variaciones actualizadas correctamente en metricas_publicaciones_diarias
2025-10-16 09:32:38,234 [INFO] ✔ Ingesta y variaciones completadas correctamente
2025-10-16 09:54:00,979 [INFO] Iniciando ingesta Instagram del 2025-09-14 al 2025-10-15
2025-10-16 09:54:30,051 [INFO] Variaciones actualizadas correctamente en metricas_publicaciones_diarias
2025-10-16 09:54:30,051 [INFO] ✔ Ingesta y variaciones completadas correctamente
2025-10-16 10:07:11,503 [INFO] Variaciones actualizadas correctamente en metricas_publicaciones_diarias
2025-10-16 10:07:11,504 [INFO] ✔ Ingesta y variaciones completadas correctamente
2025-10-16 10:24:40,929 [INFO] Variaciones actualizadas correctamente en metricas_publicaciones_diarias
2025-10-16 10:24:40,930 [INFO] ✔ Ingesta y variaciones completadas correctamente
