Token renovado para Facebook e Instagram
Token renovado para Facebook e Instagram
Token renovado para Facebook e Instagram
Token renovado para Facebook e Instagram
Token renovado para Facebook e Instagram
Token renovado para Facebook e Instagram
Token renovado para Facebook e Instagram
Token renovado para Facebook e Instagram
Token renovado para Facebook e Instagram
Token renovado para Facebook e Instagram
Token renovado para Facebook e Instagram
Token renovado para Facebook e Instagram
Token renovado para Facebook e Instagram
Traceback (most recent call last):
  File "D:\DATAX\Datax_clone\Datax_\src\refresh_graph.py", line 75, in <module>
    renovar_facebook_instagram()
  File "D:\DATAX\Datax_clone\Datax_\src\refresh_graph.py", line 27, in renovar_facebook_instagram
    print(f"\U0001f504 Iniciando renovación de tokens ({datetime.now().isoformat(timespec='seconds')})")
  File "C:\Users\Elizabeth\anaconda3\Lib\encodings\cp1252.py", line 19, in encode
    return codecs.charmap_encode(input,self.errors,encoding_table)[0]
           ^^^^^^^^^^^^^^^^^^^^^^^^^^^^^^^^^^^^^^^^^^^^^^^^^^^^^^^
UnicodeEncodeError: 'charmap' codec can't encode character '\U0001f504' in position 0: character maps to <undefined>
Traceback (most recent call last):
  File "D:\DATAX\Datax_clone\Datax_\src\refresh_graph.py", line 75, in <module>
    renovar_facebook_instagram()
  File "D:\DATAX\Datax_clone\Datax_\src\refresh_graph.py", line 27, in renovar_facebook_instagram
    print(f"\U0001f504 Iniciando renovación de tokens ({datetime.now().isoformat(timespec='seconds')})")
  File "C:\Users\Elizabeth\anaconda3\Lib\encodings\cp1252.py", line 19, in encode
    return codecs.charmap_encode(input,self.errors,encoding_table)[0]
           ^^^^^^^^^^^^^^^^^^^^^^^^^^^^^^^^^^^^^^^^^^^^^^^^^^^^^^^
UnicodeEncodeError: 'charmap' codec can't encode character '\U0001f504' in position 0: character maps to <undefined>
